height=5
width=5
food=
1 1 1 1 1
1 1 1 1 1
1 1 1 1 1
1 1 1 1 1
1 1 1 1 1
dirt=
2 2 2 2 2
2 2 2 2 2
2 2 2 2 2
2 2 2 2 2
2 2 2 2 2
plants=1
x=2,y=2,rate=10
maxAgents=10
name=test5,speed=15,health=20,power=10,x=3,y=3
tree=default (NUMERIC VALUE 50 VALUE 25 (BOOLEAN LEGAL_MOVE (OUTPUT ATTACK_LEFT) (BOOLEAN LEGAL_MOVE (BOOLEAN LEGAL_MOVE (OUTPUT ATTACK_LEFT) (OUTPUT ATTACK_RIGHT)) (BOOLEAN LEGAL_MOVE (OUTPUT ATTACK_LEFT) (OUTPUT ATTACK_RIGHT)))) (OUTPUT ATTACK_UP) (OUTPUT ATTACK_DOWN))
name=test3,speed=15,health=20,power=10,x=2,y=3
tree=default (NUMERIC RANDOM RANDOM (NUMERIC RANDOM RANDOM (NUMERIC RANDOM RANDOM (OUTPUT DEFEND) (OUTPUT DEFEND) (OUTPUT DEFEND)) (NUMERIC RANDOM RANDOM (OUTPUT DEFEND) (OUTPUT DEFEND) (OUTPUT DEFEND)) (NUMERIC RANDOM RANDOM (OUTPUT DEFEND) (OUTPUT DEFEND) (OUTPUT DEFEND))) (NUMERIC RANDOM RANDOM (NUMERIC RANDOM RANDOM (OUTPUT DEFEND) (OUTPUT DEFEND) (OUTPUT DEFEND)) (NUMERIC RANDOM RANDOM (OUTPUT DEFEND) (OUTPUT DEFEND) (OUTPUT DEFEND)) (NUMERIC RANDOM RANDOM (OUTPUT DEFEND) (OUTPUT DEFEND) (OUTPUT DEFEND))) (NUMERIC RANDOM RANDOM (NUMERIC RANDOM RANDOM (OUTPUT DEFEND) (OUTPUT DEFEND) (OUTPUT DEFEND)) (NUMERIC RANDOM RANDOM (OUTPUT DEFEND) (OUTPUT DEFEND) (OUTPUT DEFEND)) (NUMERIC RANDOM RANDOM (OUTPUT DEFEND) (OUTPUT DEFEND) (OUTPUT DEFEND))))
name=test1,speed=15,health=20,power=10,x=2,y=2
tree=default (NUMERIC RANDOM VALUE 50 (OUTPUT MOVE_LEFT) (OUTPUT MOVE_DOWN) (OUTPUT MOVE_DOWN)
tree=second (OUTPUT DEFEND)
name=test4,speed=15,health=20,power=10,x=1,y=2
tree=default (BOOLEAN LEGAL_MOVE (BOOLEAN LEGAL_MOVE (BOOLEAN LEGAL_MOVE (BOOLEAN LEGAL_MOVE (OUTPUT DEFEND) (OUTPUT DEFEND)) (BOOLEAN LEGAL_MOVE (OUTPUT DEFEND) (OUTPUT DEFEND))) (BOOLEAN LEGAL_MOVE (BOOLEAN LEGAL_MOVE (OUTPUT DEFEND) (OUTPUT DEFEND)) (BOOLEAN LEGAL_MOVE (OUTPUT DEFEND) (OUTPUT DEFEND)))) (BOOLEAN LEGAL_MOVE (BOOLEAN LEGAL_MOVE (BOOLEAN LEGAL_MOVE (OUTPUT DEFEND) (OUTPUT DEFEND)) (BOOLEAN LEGAL_MOVE (OUTPUT DEFEND) (OUTPUT DEFEND))) (BOOLEAN LEGAL_MOVE (BOOLEAN LEGAL_MOVE (OUTPUT DEFEND) (OUTPUT DEFEND)) (BOOLEAN LEGAL_MOVE (OUTPUT DEFEND) (OUTPUT DEFEND)))))
name=test2,speed=15,health=20,power=10,x=3,y=2
tree=default (NUMERIC VALUE 50 RANDOM (OUTPUT LIFT_FOOD) (OUTPUT ATTACK_UP) (OUTPUT ATTACK_DOWN))


criteria=2
PERFORM_ACTION test1 MOVE_LEFT 5
TRAVEL_TO test1 0 0
mode=CLICK

mode=CLICK
mode=CONST
mode=FIXED


PERFORM_ACTION MOVE_LEFT 5

0	MOVE_LEFT 1	MOVE_RIGH 2	MOVE_UP 3	MOVE_DOWN
4	LIFT_DIRT 5	LIFT_FOOD
6	DROP_DIRT 7	DROP_FOOD
8	ATTACK_LEFT 9	ATTACK_RIGHT 10	ATTACK_UP 11	ATTACK_DOWN
12	DEFEND
13	EAT
14	REPRODUCE
15	CHANGE

0 CELL_HEALTH 
1 CELL_POSITION 
2 SQUARE_FOOD 
3 SQUARE_HEIGHT 
4 LEGAL_MOVE 
5 RANDOM
6 ENEMY_ADJACENT 
7 FOOD_ADJACENT 
8 ALLY_ADJACENT